file: tests/arithmetic.py
started lexing
ended lexing
started parsing ast
ended parsing ast
started compiling
compiling node: 6
compiling node: 6
compiling node: 0
compiling node: 6
compiling node: 0
compiling node: 6
compiling node: 6
compiling node: 0
compiling node: 0
compiling node: 0
compiling node: 6
compiling node: 6
compiling node: 0
compiling node: 0
compiling node: 0
ended compiling
compiled instructions:
	 Instruction: 2
	 Instruction: 2
	 Instruction: 2
	 Instruction: 2
	 Instruction: 7
	 Instruction: 2
	 Instruction: 7
	 Instruction: 7
	 Instruction: 7
	 Instruction: 2
	 Instruction: 2
	 Instruction: 7
	 Instruction: 2
	 Instruction: 7
	 Instruction: 7
started interpreting
ended interpreting
Interpretation result: 2.0
