file: tests/def.py
started lexing
ended lexing
started parsing ast
ended parsing ast
started compiling
compiling node: 28
compiling node: 28
compiling node: 31
compiling node: 5
compiling node: 31
compiling node: 6
compiling node: 5
compiling node: 14
compiling node: 0
compiling node: 5
compiling node: 28
compiling node: 31
compiling node: 6
compiling node: 5
compiling node: 9
compiling node: 6
compiling node: 5
compiling node: 0
compiling node: 0
compiling node: 14
compiling node: 6
compiling node: 5
compiling node: 0
compiling node: 5
compiling node: 8
compiling node: 13
compiling node: 6
compiling node: 6
compiling node: 6
compiling node: 5
compiling node: 5
compiling node: 5
compiling node: 0
compiling node: 6
compiling node: 6
compiling node: 14
compiling node: 0
compiling node: 5
compiling node: 14
compiling node: 0
compiling node: 5
compiling node: 14
compiling node: 0
compiling node: 0
compiling node: 0
compiling node: 5
ended compiling
compiled instructions:
	 Instruction: 10
	 Instruction: 8
	 Instruction: 10
	 Instruction: 8
	 Instruction: 10
	 Instruction: 8
	 Instruction: 2
	 Instruction: 0
	 Instruction: 12
	 Instruction: 2
	 Instruction: 0
	 Instruction: 12
	 Instruction: 7
	 Instruction: 2
	 Instruction: 2
	 Instruction: 2
	 Instruction: 0
	 Instruction: 12
	 Instruction: 7
started interpreting
ended interpreting
Interpretation result: 59.0
