file: tests/while_loop_fibonacci.py
started lexing
ended lexing
started parsing ast
ended parsing ast
started compiling
compiling node: 8
compiling node: 0
compiling node: 8
compiling node: 0
compiling node: 8
compiling node: 0
compiling node: 27
compiling node: 6
compiling node: 5
compiling node: 0
compiling node: 8
compiling node: 6
compiling node: 5
compiling node: 5
compiling node: 8
compiling node: 5
compiling node: 8
compiling node: 5
compiling node: 8
compiling node: 5
compiling node: 0
compiling node: 5
ended compiling
compiled instructions:
	 Instruction: 2
	 Instruction: 8
	 Instruction: 2
	 Instruction: 8
	 Instruction: 2
	 Instruction: 8
	 Instruction: 0
	 Instruction: 2
	 Instruction: 7
	 Instruction: 6
	 Instruction: 0
	 Instruction: 0
	 Instruction: 7
	 Instruction: 8
	 Instruction: 0
	 Instruction: 8
	 Instruction: 0
	 Instruction: 8
	 Instruction: 0
	 Instruction: 2
	 Instruction: 7
	 Instruction: 8
	 Instruction: 5
	 Instruction: 13
	 Instruction: 0
started interpreting
ended interpreting
Interpretation result: 34
